Provider: Z.ai GLM | model: glm-5.3 | credential: stdio
Question: Do sit-stand desk interventions reduce total sitting time or improve health outcomes in office workers?
Depth: quick (4 perspectives, 0 deepening round(s), 3-lens verify, citation audit off)
Key question: In adult office workers, do sit-stand desk interventions - desk alone or desk plus an organisational
Assumptions stated: 5 | hypotheses w/ kill criteria: 4
Checklist: 7 sub-questions
Perspectives: Meta-analyst | Programme champion | Trial skeptic | Workplace buyer
  [w1] Workplace buyer: 8 hits -> 0 picked
  [w1] Programme champion: 8 hits -> 0 picked
  [w1] Trial skeptic: 8 hits -> 4 picked
  [w1] Meta-analyst: 8 hits -> 4 picked
[w1] 8 sources, 22 claims
NOTE: 12 lower-ranked claims dropped before verification (cap 10) - NOT covered by this report
Verify pool spans 6 of 7 sub-questions; 1 claim(s) map to no sub-question
Total: 8 sources -> 22 claims -> verifying 10
  OK          3-0  In this Sydney crossover pilot RCT (n=42, four weeks), sit-stand workstations reduced Acti…
  OK          3-0  This desk-only trial reported one nominally significant lipid change - total cholesterol d…
  OK          3-0  In this seven-wave RCT of a sit-stand desk intervention with follow-up out to 24 months, t…
  OK          3-0  The authors themselves rate the evidence insufficient for population claims, calling for l…
  OK          3-0  On the harms side, the trial found no relative worsening of musculoskeletal discomfort or …
  OK          3-0  The authors conclude a workday sitting reduction of roughly 100-160 min/day was still insu…
  OK          3-0  This Cochrane Clinical Answer record shows 0 citations in the fetched Crossref metadata, w…
  OK          3-0  Total daily sitting (self-reported) also declined by about 80 min/workday in intervention …
  OK          3-0  Despite the sitting reduction, no marker of cardiometabolic risk changed in either group o…
  OK          3-0  Office workers who took part in a sit-stand desk intervention study maintained a decreased…
Verify: 10 confirmed, 0 refuted, 0 unverified | kills by lens: -
Process critique: minor-gaps | 2 untraceable, 6 coverage gaps, 3 plan flaws
Report written to /home/excelsior/Desktop/deepresearch/out/flash-live-2026-09-30/report.json
Contract written to /home/excelsior/Desktop/deepresearch/out/flash-live-2026-09-30/report.contract.json
